// Jest Snapshot v1, https://goo.gl/fbAQLP

exports[`Text.svelte Text with additional attributes 1`] = `"<span class=\\"ui text\\" data-testid=\\"any\\"></span>"`;

exports[`Text.svelte Text with additional classes 1`] = `"<span class=\\"ui text-lato text-compact text\\" data-testid=\\"any\\"></span>"`;

exports[`Text.svelte Text with color prop 1`] = `"<span class=\\"ui red text\\" data-testid=\\"any\\"></span>"`;

exports[`Text.svelte Text with custom actions 1`] = `"<span class=\\"ui text drag-drop-enable\\" data-testid=\\"any\\" draggable=\\"true\\"></span>"`;

exports[`Text.svelte Text with default props 1`] = `"<span class=\\"ui text\\" data-testid=\\"any\\"></span>"`;

exports[`Text.svelte Text with disabled prop 1`] = `"<span class=\\"ui disabled text\\" data-testid=\\"any\\"></span>"`;

exports[`Text.svelte Text with dom events 1`] = `"<span class=\\"ui text\\" data-testid=\\"any\\" clicked=\\"true\\" focused=\\"true\\"></span>"`;

exports[`Text.svelte Text with inverted prop 1`] = `"<span class=\\"ui inverted text\\" data-testid=\\"any\\"></span>"`;

exports[`Text.svelte Text with multiple props and events snapshot 1`] = `"<span class=\\"ui purple inverted disabled extra text drag-drop-enable\\" data-testid=\\"any\\" draggable=\\"true\\" clicked=\\"true\\" focused=\\"true\\"></span>"`;

exports[`Text.svelte Text with size prop 1`] = `"<span class=\\"ui huge text\\" data-testid=\\"any\\"></span>"`;
